---
source: crates/lashlang/src/runtime/tests.rs
assertion_line: 498
expression: compiled_program_snapshot(GOLDEN_CONTRACT_SOURCE)
---
compile_stats: total=1 const_folded=1 dynamic=0 refs=0
slots: [source, history, beta_index, matches, counts, token, Payload]
names: [beta_index, matches, counts]
constants:
  c0: ","
  c1: "beta"
  c2: "beta"
  c3: {}
  c4: ","
  c5: {"$lash_type":{"additionalProperties":false,"properties":{"beta_index":{"anyOf":[{"type":"integer"},{"type":"null"}]},"counts":{"type":"object"},"matches":{"items":{"type":"object"},"type":"array"}},"required":["beta_index","matches","counts"],"type":"object"}}
code:
  0000: load_name 1:history
  0001: push_const c0 ","
  0002: intrinsic join argc=2
  0003: deep_copy
  0004: store_name 0:source
  0005: load_name 0:source
  0006: push_const c1 "beta"
  0007: intrinsic find argc=2
  0008: deep_copy
  0009: store_name 2:beta_index
  0010: load_name 0:source
  0011: push_const c2 "beta"
  0012: intrinsic grep_text argc=2
  0013: deep_copy
  0014: store_name 3:matches
  0015: store_const 4:counts c3 {}
  0016: load_name 0:source
  0017: push_const c4 ","
  0018: intrinsic split argc=2
  0019: begin_iter 5:token
  0020: iter_next 23
  0021: add_assign_index_slot_number 4:counts 5:token 1
  0022: jump 20
  0023: end_iter
  0024: push_const c5 {"$lash_type":{"additionalProperties":false,"properties":{"beta_index":{"anyOf":[{"type":"integer"},{"type":"null"}]},"counts":{"type":"object"},"matches":{"items":{"type":"object"},"type":"array"}},"required":["beta_index","matches","counts"],"type":"object"}}
  0025: deep_copy
  0026: store_name 6:Payload
  0027: load_name 2:beta_index
  0028: load_name 3:matches
  0029: load_name 4:counts
  0030: build_record [beta_index, matches, counts]
  0031: intrinsic validate_compiled schema#0
  0032: finish
