---
source: crates/lashlang/src/runtime/tests.rs
expression: "cases.join(\"\\n\\n---\\n\\n\")"
---
parse_inline_if
unexpected `if`
--> line 1, column 8
finish if true { 1 }
       ^~
hint: use `cond ? yes : no` for inline conditionals

---

parse_inline_for
unexpected `for`
--> line 1, column 9
finish [for x in [1] { x }]
        ^~~
hint: `for` is a statement. Put it on its own line, not inside an expression or record literal.

---

parse_loop_control_outside_loop
`break` can only be used inside a loop
--> line 1, column 1
break
^~~~~

---

parse_duplicate_type_field
expected unique field name, found duplicate field `ok`
--> line 1, column 38
Payload = Type { nested: { ok: bool, ok: str } }
                                     ^~

---

parse_removed_parallel_keyword
unexpected `parallel`
--> line 1, column 1
parallel {
^~~~~~~~

---

link_membership_requires_container
operator `in` does not accept int and int
--> line 1, column 8
finish 1 in 2
       ^~~~~~

---

link_membership_requires_list_item_type
operator `in` does not accept str and list[int]
--> line 1, column 8
finish "one" in [1, 2]
       ^~~~~~~~~~~~~~~

---

link_record_membership_requires_string_key
operator `in` does not accept int and { one: bool }
--> line 1, column 8
finish 1 in { one: true }
       ^~~~~~~~~~~~~~~~~~

---

runtime_sort_mixed_types
`sort` item 1 (string) is not comparable with item 0 (number)
--> line 1, column 1
finish sort([1, "two"])
^~~~~~~~~~~~~~~~~~~~~~~

---

runtime_sort_by_missing_path
`sort_by` item 1 is missing field path `profile.score`
--> line 1, column 1
finish sort_by([{ profile: { score: 1 } }, {}], "profile.score")
^~~~~~~~~~~~~~~~~~~~~~~~~~~~~~~~~~~~~~~~~~~~~~~~~~~~~~~~~~~~~~~~

---

runtime_sort_by_not_a_record
`sort_by` item 1 must be a record, got number
--> line 1, column 1
finish sort_by([{ score: 1 }, 2], "score")
^~~~~~~~~~~~~~~~~~~~~~~~~~~~~~~~~~~~~~~~~~

---

runtime_sort_by_empty_path
`sort_by` field path must not be empty
--> line 1, column 1
finish sort_by([{ score: 1 }], "")
^~~~~~~~~~~~~~~~~~~~~~~~~~~~~~~~~~

---

runtime_sum_non_number
`sum` item 1 must be a number, got string
--> line 1, column 1
finish sum([1, "two"])
^~~~~~~~~~~~~~~~~~~~~~

---

runtime_min_incomparable
`min` item 0 (list) is not comparable with item 0 (list)
--> line 1, column 1
finish min([[1], [2]])
^~~~~~~~~~~~~~~~~~~~~~

---

runtime_min_empty_list
`min` requires a non-empty list
--> line 1, column 1
finish min([])
^~~~~~~~~~~~~~

---

runtime_max_requires_list
`max` requires a list or tuple, got record
--> line 1, column 1
finish max({ value: 1 })
^~~~~~~~~~~~~~~~~~~~~~~~

---

runtime_replace_requires_text
`replace` text must be text, got number
--> line 1, column 1
finish replace(1, "1", "one")
^~~~~~~~~~~~~~~~~~~~~~~~~~~~~

---

runtime_lower_requires_text
`lower` value must be text, got bool
--> line 1, column 1
finish lower(false)
^~~~~~~~~~~~~~~~~~~

---

runtime_upper_requires_text
`upper` value must be text, got number
--> line 1, column 1
finish upper(1)
^~~~~~~~~~~~~~~

---

runtime_unique_requires_list
`unique` requires a list or tuple, got number
--> line 1, column 1
finish unique(1)
^~~~~~~~~~~~~~~~

---

runtime_reverse_requires_list
`reverse` requires a list or tuple, got number
--> line 1, column 1
finish reverse(1)
^~~~~~~~~~~~~~~~~

---

runtime_bad_wrapper_unwrap
`?` unwrapped failed tool result: boom
--> line 1, column 1
finish ({ ok: false, error: "boom" })?
^~~~~~~~~~~~~~~~~~~~~~~~~~~~~~~~~~~~~~
hint: remove `?` and inspect `.ok` or `.error` when you need to handle failures

---

runtime_failed_resource_operation_unwrap
`?` unwrapped failed module operation: boom
--> line 1, column 15
finish (await tools.err({})?)
              ^~~~~~~~~~~~~

---

runtime_invalid_await_handle
`?` unwrapped failed tool result: expected handle record
--> line 1, column 1
finish (await 1)?
^~~~~~~~~~~~~~~~~
hint: remove `?` and inspect `.ok` or `.error` when you need to handle failures

---

runtime_read_only_projected_assignment
`history` is a read-only projected binding
--> line 1, column 1
history = []
^~~~~~~~~~~~
hint: copy the projected value into a new variable before changing it

---

runtime_invalid_validate_type_argument
`validate` requires a Type literal as the second argument
--> line 1, column 1
finish validate({ ok: true }, "not a type")
^~~~~~~~~~~~~~~~~~~~~~~~~~~~~~~~~~~~~~~~~~~
hint: pass `Type { ... }` or a variable that holds a Type literal

---

runtime_validation_failure
validation failed: $.count: expected integer, got string
--> line 1, column 1
finish validate({ count: "x" }, Type { count: int })
^~~~~~~~~~~~~~~~~~~~~~~~~~~~~~~~~~~~~~~~~~~~~~~~~~~~

---

runtime_unknown_name
unknown name `missing`
--> line 1, column 1
finish missing
^~~~~~~~~~~~~~

---

runtime_unknown_builtin
unknown builtin `nope`
--> line 1, column 1
finish nope()
^~~~~~~~~~~~~

---

link_unknown_resource_operation
resource type `Tools` does not expose operation `does_not_exist`
--> line 1, column 14
finish await tools.does_not_exist({})?
             ^~~~~~~~~~~~~~~~~~~~~~~~
hint: available operations: `tools.echo`, `tools.err`, `tools.missing`, `tools.spawn`

---

link_unresolved_receiver
receiver for operation `echo` is not a module authority
--> line 2, column 14
finish await value.echo({})?
             ^~~~~~~~~~~~~~
hint: use a module authority, e.g. `tools.echo`
