worker protocol 1
frame header 8 bytes
testing false

# [serde (rename_all = "snake_case" , deny_unknown_fields)] enum Request { Lower { dialect : String , source : String , effects : BTreeMap < EffectName , Signature > , controls : BTreeMap < EffectName , BTreeSet < lash_kernel_dialect :: EffectControl > > , bindings : BTreeSet < Name > , functions : BTreeMap < Name , lash_kernel_dialect :: SavedFunction > , } , Print { dialect : String , # [serde (with = "serde_bytes")] document : Vec < u8 > , } }

# [serde (deny_unknown_fields)] struct DialectRefusal { code : String , message : String , span : Option < (usize , usize) > , unsupported : bool , repairs : Vec < String > , }

# [serde (rename_all = "snake_case" , deny_unknown_fields)] enum Response { Lowered { # [serde (with = "serde_bytes")] document : Vec < u8 > , # [serde (with = "serde_bytes")] annotations : Vec < u8 > , } , Printed { source : String , } , DialectRefused (DialectRefusal) , UnknownDialect { dialect : String , } }

# [serde (deny_unknown_fields)] struct StartWire { entry : Option < Name > , args : Vec < Datum > , variables : BTreeMap < Name , Value > , objects : Vec < (ObjectId , Object) > , }

# [serde (rename_all = "snake_case" , deny_unknown_fields)] enum RequestWire { Effect { wait : WaitId , identity : EffectIdentity , effect : EffectName , args : Vec < Datum > , result : Type , } , Sleep { wait : WaitId , identity : EffectIdentity , seconds : u64 , nanoseconds : u32 , } }

# [serde (deny_unknown_fields)] struct ParkWire { requests : Vec < RequestWire > , withdrawn : Vec < WaitId > , outstanding : Vec < lash_kernel_doc :: TaskIdentity > , }

# [serde (rename_all = "snake_case" , deny_unknown_fields)] enum OutcomeWire { Completed (Datum) , Failed (ErrorDatum) , Elapsed }

# [serde (deny_unknown_fields)] struct ProjectionRead { handle : Handle , request : Datum , }
