record-config={"appended_payloads":[],"config":{"generation":{},"model":{"id":"","limits":{"context_window_tokens":1},"variant":"provider_default"},"prompt":{},"protocol_turn_options":{"payload":{},"schema_version":1},"provider_id":"","subagent":null,"tool_access":{"mode":"ambient"},"turn_budget":"unbounded"},"operation_key":"{\"key\":\"record-config\",\"scope\":{\"operation_id\":\"session:root:boundary:protocol-materialization\",\"type\":\"runtime_operation\"}}","session_id":"root","usage_deltas":[]}|a0cc13764c5ee8f230cd8d9f83e049ecaee8ef192a2fb430b392e248df09438b
create-session={"appended_payloads":[],"config":{"generation":{},"model":{"id":"","limits":{"context_window_tokens":1},"variant":"provider_default"},"prompt":{},"protocol_turn_options":{"payload":{},"schema_version":1},"provider_id":"","subagent":null,"tool_access":{"mode":"ambient"},"turn_budget":"unbounded"},"operation_key":"{\"key\":\"create-session\",\"scope\":{\"operation_id\":\"session:root:boundary:child-1\",\"type\":\"runtime_operation\"}}","session_id":"root","usage_deltas":[]}|2f10162af7ebee3290ab0aa6d808dcd8bd0f6cf692a56b7b8695bcf6286d2d97
usage-ledger={"appended_payloads":[],"config":{"generation":{},"model":{"id":"","limits":{"context_window_tokens":1},"variant":"provider_default"},"prompt":{},"protocol_turn_options":{"payload":{},"schema_version":1},"provider_id":"","subagent":null,"tool_access":{"mode":"ambient"},"turn_budget":"unbounded"},"operation_key":"{\"key\":\"usage-ledger\",\"scope\":{\"operation_id\":\"session:root:boundary:child-turn\",\"type\":\"runtime_operation\"}}","session_id":"root","usage_deltas":[]}|e5ddec715d076918647e39b016690834eb7916408af4edc91d722e2500afe98e
