record-config={"appended_payloads":[],"config":{"generation":{},"model":{"id":"","limits":{"context_window_tokens":1},"variant":"provider_default"},"prompt":{},"protocol_turn_options":{"payload":{},"schema_version":1},"provider_id":"","subagent":null,"tool_access":{},"turn_budget":"unbounded"},"operation_key":"{\"key\":\"record-config\",\"scope\":{\"operation_id\":\"session:root:boundary:protocol-materialization\",\"type\":\"runtime_operation\"}}","session_id":"root","usage_deltas":[]}|996bfb770d0e72c4996fb4a1a2abeeab8c52a689aecced179d3aa927e5718a6a
create-session={"appended_payloads":[],"config":{"generation":{},"model":{"id":"","limits":{"context_window_tokens":1},"variant":"provider_default"},"prompt":{},"protocol_turn_options":{"payload":{},"schema_version":1},"provider_id":"","subagent":null,"tool_access":{},"turn_budget":"unbounded"},"operation_key":"{\"key\":\"create-session\",\"scope\":{\"operation_id\":\"session:root:boundary:child-1\",\"type\":\"runtime_operation\"}}","session_id":"root","usage_deltas":[]}|a0d9d2734722c33122c6bce77546bd52cc4ebda033b546cff8b3370f2abf47f0
usage-ledger={"appended_payloads":[],"config":{"generation":{},"model":{"id":"","limits":{"context_window_tokens":1},"variant":"provider_default"},"prompt":{},"protocol_turn_options":{"payload":{},"schema_version":1},"provider_id":"","subagent":null,"tool_access":{},"turn_budget":"unbounded"},"operation_key":"{\"key\":\"usage-ledger\",\"scope\":{\"operation_id\":\"session:root:boundary:child-turn\",\"type\":\"runtime_operation\"}}","session_id":"root","usage_deltas":[]}|6b4a6329d0e3f203d3d7eff58b8b045bd05ebde439073a8dee9d969018436390
