record-config={"appended_payloads":[],"config":{"autonomous":false,"charge_safety":{"mode":"require_guarantee"},"config_revision":0,"generation":{},"no_progress_budget":{"bounded":12},"plugin_config":{},"prompt":{},"subagent":null,"tool_access":{"mode":"ambient"},"turn_budget":"unbounded"},"operation_key":"{\"key\":\"record-config\",\"scope\":{\"operation_id\":\"session:root:boundary:protocol-materialization\",\"type\":\"runtime_operation\"}}","session_id":"root"}|27801b1d1131e314f2d3ee39ef36326d060952c4f48ece1b1aa3c6081b82646b
create-session={"appended_payloads":[],"config":{"autonomous":false,"charge_safety":{"mode":"require_guarantee"},"config_revision":0,"generation":{},"no_progress_budget":{"bounded":12},"plugin_config":{},"prompt":{},"subagent":null,"tool_access":{"mode":"ambient"},"turn_budget":"unbounded"},"operation_key":"{\"key\":\"create-session\",\"scope\":{\"operation_id\":\"session:root:boundary:child-1\",\"type\":\"runtime_operation\"}}","session_id":"root"}|4265ce1518e2a9083cc6cbd1f643692349d5fe8d54f0e067a330503e5f1cc328
