record-config={"appended_payloads":[],"config":{"config_revision":0,"generation":{},"model":{"id":"","limits":{"context_window_tokens":1},"variant":"provider_default"},"prompt":{},"protocol_turn_options":{},"provider_id":"","subagent":null,"tool_access":{"mode":"ambient"},"turn_budget":"unbounded"},"operation_key":"{\"key\":\"record-config\",\"scope\":{\"operation_id\":\"session:root:boundary:protocol-materialization\",\"type\":\"runtime_operation\"}}","session_id":"root"}|8c4b84b9c2a5481c3d14ed775b808257ed9f16c8706504420bf84f4507dbc7d0
create-session={"appended_payloads":[],"config":{"config_revision":0,"generation":{},"model":{"id":"","limits":{"context_window_tokens":1},"variant":"provider_default"},"prompt":{},"protocol_turn_options":{},"provider_id":"","subagent":null,"tool_access":{"mode":"ambient"},"turn_budget":"unbounded"},"operation_key":"{\"key\":\"create-session\",\"scope\":{\"operation_id\":\"session:root:boundary:child-1\",\"type\":\"runtime_operation\"}}","session_id":"root"}|017bdc321fae84ec868e70fc035836b2189a5b994054181d546ba1d3fef4c875
