record-config={"appended_payloads":[],"config":{"charge_safety":{"mode":"require_guarantee"},"config_revision":0,"generation":{},"max_tool_calls":1024,"no_progress_budget":{"bounded":12},"plugin_config":{},"tool_access":{"mode":"ambient"},"turn_budget":"unbounded"},"operation_key":"{\"key\":\"record-config\",\"scope\":{\"operation_id\":\"session:root:boundary:protocol-materialization\",\"type\":\"runtime_operation\"}}","session_id":"root"}|5cfbd3d1ef6c56b47673ccbd8c89c5bfdc0bfec4082103951906e9daa27f1ba3
create-session={"appended_payloads":[],"config":{"charge_safety":{"mode":"require_guarantee"},"config_revision":0,"generation":{},"max_tool_calls":1024,"no_progress_budget":{"bounded":12},"plugin_config":{},"tool_access":{"mode":"ambient"},"turn_budget":"unbounded"},"operation_key":"{\"key\":\"create-session\",\"scope\":{\"operation_id\":\"session:root:boundary:child-1\",\"type\":\"runtime_operation\"}}","session_id":"root"}|8fef10eddc647c7d8a686324077c2867df74366b9812a8b03c1a8aa31b331004
