---
source: crates/lash-protocol-rlm/src/native/tests.rs
expression: "serde_json::to_string_pretty(&request.messages).unwrap()"
---
[
  {
    "role": "Assistant",
    "blocks": [
      {
        "Text": {
          "text": "<typescript>\nfinish(1);\n</typescript>",
          "response_meta": null,
          "cache_breakpoint": false
        }
      }
    ]
  },
  {
    "role": "User",
    "blocks": [
      {
        "Text": {
          "text": "1 is not of type \"string\"\n\nNext: the defect is in the program, not in what the runtime allows. Fix the cause named above, then send the corrected cell.",
          "response_meta": null,
          "cache_breakpoint": false
        }
      }
    ]
  },
  {
    "role": "System",
    "blocks": [
      {
        "Text": {
          "text": "The `finish` value did not match the required output schema. Correct it and call `finish(value)` again.",
          "response_meta": null,
          "cache_breakpoint": true
        }
      }
    ]
  },
  {
    "role": "User",
    "blocks": [
      {
        "Text": {
          "text": "\n\n\n=== CURRENT ITERATION: 2 ===",
          "response_meta": null,
          "cache_breakpoint": false
        }
      }
    ]
  }
]
