---
source: crates/lash-protocol-rlm/src/native/tests.rs
expression: "serde_json::to_string_pretty(&request.messages).unwrap()"
---
[
  {
    "role": "Assistant",
    "blocks": [
      {
        "Text": {
          "text": "answer",
          "response_meta": null,
          "cache_breakpoint": false
        }
      }
    ]
  },
  {
    "role": "System",
    "blocks": [
      {
        "Text": {
          "text": "No code from that response executed. Markdown code fences do not execute here. Resend the needed program between `<lashlang>` and `</lashlang>` on their own lines, without backticks. Call `finish <value>` inside a paired `<lashlang>...</lashlang>` block when the task is complete. Use `finish null` only when null is intentional.",
          "response_meta": null,
          "cache_breakpoint": true
        }
      }
    ]
  },
  {
    "role": "User",
    "blocks": [
      {
        "Text": {
          "text": "\n\n\n=== CURRENT ITERATION: 2 ===\n\n\n=== BOUND VARIABLES ===\n\n- `history`: `list[HistoryItem]`, read-only, 2 entries\n\n\n=== FINALIZATION ===\n\nThis turn uses finish-required termination. Prose-only does not end the turn. Every non-terminal response must contain a paired `<lashlang>...</lashlang>` block that performs the next step; prose before the block is commentary/status only. Never say you will continue, inspect, patch, wait, monitor, validate, or retry unless the same response also contains the block that does it. The terminal response must be a paired `<lashlang>...</lashlang>` block that calls `finish <value>`. Use `finish null` only when null is intentional.",
          "response_meta": null,
          "cache_breakpoint": false
        }
      }
    ]
  }
]
