---
source: crates/lash-protocol-rlm/src/native/tests.rs
expression: "serde_json::to_string_pretty(&request.messages).unwrap()"
---
[
  {
    "role": "Assistant",
    "blocks": [
      {
        "Text": {
          "text": "<typescript>\nawait control.finish(1);\n</typescript>",
          "response_meta": null,
          "cache_breakpoint": false
        }
      }
    ]
  },
  {
    "role": "User",
    "blocks": [
      {
        "Text": {
          "text": "runtime error\n\nNext: the host failed while handling this cell. Retry it; if the failure persists, report the host problem.",
          "response_meta": null,
          "cache_breakpoint": true
        }
      }
    ]
  },
  {
    "role": "User",
    "blocks": [
      {
        "Text": {
          "text": "\n\n\n=== CURRENT ITERATION: 2 ===",
          "response_meta": null,
          "cache_breakpoint": false
        }
      }
    ]
  }
]
