---
source: crates/lash-protocol-rlm/src/native/tests.rs
expression: "serde_json::to_string_pretty(&request.messages).unwrap()"
---
[
  {
    "role": "Assistant",
    "blocks": [
      {
        "Text": {
          "text": "answer",
          "response_meta": null,
          "cache_breakpoint": false
        }
      }
    ]
  },
  {
    "role": "System",
    "blocks": [
      {
        "Text": {
          "text": "Call `finish <value>` inside the `code` argument of an `execute_code` call when the task is complete, with a value matching the required output schema.",
          "response_meta": null,
          "cache_breakpoint": true
        }
      }
    ]
  },
  {
    "role": "User",
    "blocks": [
      {
        "Text": {
          "text": "\n\n\n=== CURRENT ITERATION: 2 ===\n\n\n=== BOUND VARIABLES ===\n\n- `history`: `list[HistoryItem]`, read-only, 2 entries\n\n\n=== FINALIZATION ===\n\nThis turn uses finish-required termination. Prose-only does not end the turn. Every non-terminal response must contain an `execute_code` call that performs the next step; prose before the code call is commentary/status only. Never say you will continue, inspect, patch, wait, monitor, validate, or retry unless the same response also contains the code call that does it. The terminal response must be an `execute_code` call that calls `finish <value>`. The value must match the REQUIRED OUTPUT contract.\n\n=== REQUIRED OUTPUT ===\n\nstr",
          "response_meta": null,
          "cache_breakpoint": false
        }
      }
    ]
  }
]
