---
source: crates/lash-protocol-rlm/src/native/tests.rs
expression: "serde_json::to_string_pretty(&request.messages).unwrap()"
---
[
  {
    "role": "Assistant",
    "blocks": [
      {
        "Text": {
          "text": "answer",
          "response_meta": null,
          "cache_breakpoint": false
        }
      }
    ]
  },
  {
    "role": "System",
    "blocks": [
      {
        "Text": {
          "text": "Call `finish <value>` inside the `code` argument of an `execute_code` call when the task is complete. Use `finish null` only when null is intentional.",
          "response_meta": null,
          "cache_breakpoint": true
        }
      }
    ]
  },
  {
    "role": "User",
    "blocks": [
      {
        "Text": {
          "text": "\n\n\n=== CURRENT ITERATION: 2 ===\n\n\n=== BOUND VARIABLES ===\n\n- `history`: `list[HistoryItem]`, read-only, 2 entries\n\n\n=== FINALIZATION ===\n\nFinish-required: prose alone never ends this turn. Each response acts in an `execute_code` call. Do not call `finish` until the answer is in hand; the final response's `execute_code` call runs `finish <value>` (`finish null` only when null is the answer). Never announce an action without the `execute_code` call that performs it.",
          "response_meta": null,
          "cache_breakpoint": false
        }
      }
    ]
  }
]
