---
source: crates/lash-protocol-rlm/src/native/tests.rs
expression: "serde_json::to_string_pretty(&request.messages).unwrap()"
---
[
  {
    "role": "Assistant",
    "blocks": [
      {
        "Text": {
          "text": "answer",
          "response_meta": null,
          "cache_breakpoint": false
        }
      }
    ]
  },
  {
    "role": "System",
    "blocks": [
      {
        "Text": {
          "text": "Call `finish(value)` inside the `code` argument of an `execute_code` call when the task is complete, with a value matching the required output schema.",
          "response_meta": null,
          "cache_breakpoint": true
        }
      }
    ]
  },
  {
    "role": "User",
    "blocks": [
      {
        "Text": {
          "text": "\n\n\n=== CURRENT ITERATION: 2 ===\n\n\n=== BOUND VARIABLES ===\n\n- `history`: `HistoryItem[]`, read-only, 2 entries",
          "response_meta": null,
          "cache_breakpoint": false
        }
      }
    ]
  }
]
